###############################################################################
#                                                                             #
#     IAR Assembler V6.30.1.934/W32  for MSP430 26/May/2018  17:50:47         #
#     Copyright 1996-2015 IAR Systems AB.                                     #
#                                                                             #
#           Target option =  MSP430                                           #
#           Source file   =  C:\Users\mka\Documents\GitHub\4e4th034+uMMT+u4th\4e-infoB.s43#
#           List file     =  C:\Users\mka\Documents\GitHub\4e4th034+uMMT+u4th\Debug\List\4e-infoB.lst#
#           Object file   =  C:\Users\mka\Documents\GitHub\4e4th034+uMMT+u4th\Debug\Obj\4e-infoB.r43#
#           Command line  =  C:\Users\mka\Documents\GitHub\4e4th034+uMMT+u4th\4e-infoB.s43 #
#                            -OC:\Users\mka\Documents\GitHub\4e4th034+uMMT+u4th\Debug\Obj\ #
#                            -s+ -M<> -w+                                     #
#                            -LC:\Users\mka\Documents\GitHub\4e4th034+uMMT+u4th\Debug\List\ #
#                            -t8 -x -r -D__MSP430G2553__                      #
#                            -IC:\Program Files (x86)\IAR Systems\Embedded Workbench 7.2\430\INC\ #
#                                                                             #
###############################################################################

      1    000000              ; ----------------------------------------------
                               ------------------------
      2    000000              ; 4e4th is a Forth based on CamelForth
                                
      3    000000              ; for the Texas Instruments MSP430 
      4    000000              ; 
      5    000000              ; This program is free software; you can
                                redistribute it and/or modify
      6    000000              ; it under the terms of the GNU General Public
                                License as published by
      7    000000              ; the Free Software Foundation; either version 3
                                of the License, or
      8    000000              ; (at your option) any later version.
      9    000000              ; 
     10    000000              ; This program is distributed in the hope that
                                it will be useful,
     11    000000              ; but WITHOUT ANY WARRANTY; without even the
                                implied warranty of
     12    000000              ; MERCHANTABILITY or FITNESS FOR A PARTICULAR
                                PURPOSE.  See the
     13    000000              ; GNU General Public License for more details.
     14    000000              ;
     15    000000              ; You should have received a copy of the GNU
                                General Public License
     16    000000              ; along with this program.  If not, see
                                <http://www.gnu.org/licenses/>.
     17    000000              ; 
     18    000000              ; See LICENSE TERMS in Brads file readme.txt as
                                well.
     19    000000              
     20    000000              ; ----------------------------------------------
                               ------------------------
     21    000000              ; 4e-infoBG2553.s43 - user area is saved to
                                infoB - MSP430G2553
     22    000000              ; ----------------------------------------------
                               ------------------------
     23    000000              
     24    000000              #include "msp430.h"                     ;
                                #define controlled include file
     25    000000              #include "4e-CF430G2553forth.h"             ;
                                header macros and register defs
     26    000000              
     27    000000              EXTERN RAMDICT,lastword,NOOP,DOTCOLD,DOKEY,DOEMI
 T,DOCR
     28    000000              PUBLIC infoB,AppU0,crcval
     29    000000              
     30    000000              RSEG INFOB
     31    000000              
     32    000000              ; uarea in infoB   -   holds saved user area
                                table
     33    000000              
     34    000000              infoB:
     35    000000              
     36    000000 FFFF         crcval: DW 0FFFFh       ; CRC of user dictionary
                                                        and infoB user
                                                        area
     37    000002              AppU0:  
     38    000002 000000000A00*        DW 0,0,10,0     ; reserved,>IN,BASE,STAT
                                                       E  ; start in HEX 
                                                        mk
     39    00000A ....                 DW RAMDICT      ; DP
     40    00000C 00000000             DW 0,0          ; SOURCE init'd
                                                        elsewhere
     41    000010 ....                 DW lastword     ; LATEST
     42    000012 00000000             DW 0,0          ; HP,LP init'd
                                                        elsewhere
     43    000016 00C0                 DW USERFLASHSTART   ; IDP
     44    000018 0000                 DW 0            ; NEWEST not init'd
     45    00001A ....                 DW DOTCOLD      ; APP vector; default is
                                                        .COLD
     46    00001C FFFF                 DW -1           ; CAPS flag; default is
                                                        TRUE
     47    00001E ....                 DW DOKEY        ; KEY vector
     48    000020 ....                 DW DOEMIT       ; EMIT vector
     49    000022 ....                 DW DOCR         ; CR vector 
     50    000024              END



Segment             Type 	Mode
----------------------------------------
INFOB               UNTYPED  	REL 

Label               Mode   Type                   Segment    Value/Offset
------------------------------------------------------------------------------
ADC10AE0            ABS    CONST UNTYP.           ASEG       4A 
ADC10CTL0           ABS    CONST UNTYP.           ASEG       1B0 
ADC10CTL1           ABS    CONST UNTYP.           ASEG       1B2 
ADC10DTC0           ABS    CONST UNTYP.           ASEG       48 
ADC10DTC1           ABS    CONST UNTYP.           ASEG       49 
ADC10MEM            ABS    CONST UNTYP.           ASEG       1B4 
ADC10SA             ABS    CONST UNTYP.           ASEG       1BC 
AppU0               REL    CONST PUB UNTYP.       INFOB      2 
BCSCTL1             ABS    CONST UNTYP.           ASEG       57 
BCSCTL2             ABS    CONST UNTYP.           ASEG       58 
BCSCTL3             ABS    CONST UNTYP.           ASEG       53 
CACTL1              ABS    CONST UNTYP.           ASEG       59 
CACTL2              ABS    CONST UNTYP.           ASEG       5A 
CALBC1_12MHZ        ABS    CONST UNTYP.           ASEG       10FB 
CALBC1_16MHZ        ABS    CONST UNTYP.           ASEG       10F9 
CALBC1_1MHZ         ABS    CONST UNTYP.           ASEG       10FF 
CALBC1_8MHZ         ABS    CONST UNTYP.           ASEG       10FD 
CALDCO_12MHZ        ABS    CONST UNTYP.           ASEG       10FA 
CALDCO_16MHZ        ABS    CONST UNTYP.           ASEG       10F8 
CALDCO_1MHZ         ABS    CONST UNTYP.           ASEG       10FE 
CALDCO_8MHZ         ABS    CONST UNTYP.           ASEG       10FC 
CAPD                ABS    CONST UNTYP.           ASEG       5B 
DCOCTL              ABS    CONST UNTYP.           ASEG       56 
DOCR                ABS    CONST EXT [005] UNTYP. __EXTERNS  Solved Extern 
DOEMIT              ABS    CONST EXT [004] UNTYP. __EXTERNS  Solved Extern 
DOKEY               ABS    CONST EXT [003] UNTYP. __EXTERNS  Solved Extern 
DOTCOLD             ABS    CONST EXT [002] UNTYP. __EXTERNS  Solved Extern 
FCTL1               ABS    CONST UNTYP.           ASEG       128 
FCTL2               ABS    CONST UNTYP.           ASEG       12A 
FCTL3               ABS    CONST UNTYP.           ASEG       12C 
IE1                 ABS    CONST UNTYP.           ASEG       0 
IE2                 ABS    CONST UNTYP.           ASEG       1 
IFG1                ABS    CONST UNTYP.           ASEG       2 
IFG2                ABS    CONST UNTYP.           ASEG       3 
NOOP                ABS    CONST EXT [-001] UNTYP. __EXTERNS  Solved Extern 
P1DIR               ABS    CONST UNTYP.           ASEG       22 
P1IE                ABS    CONST UNTYP.           ASEG       25 
P1IES               ABS    CONST UNTYP.           ASEG       24 
P1IFG               ABS    CONST UNTYP.           ASEG       23 
P1IN                ABS    CONST UNTYP.           ASEG       20 
P1OUT               ABS    CONST UNTYP.           ASEG       21 
P1REN               ABS    CONST UNTYP.           ASEG       27 
P1SEL               ABS    CONST UNTYP.           ASEG       26 
P1SEL2              ABS    CONST UNTYP.           ASEG       41 
P2DIR               ABS    CONST UNTYP.           ASEG       2A 
P2IE                ABS    CONST UNTYP.           ASEG       2D 
P2IES               ABS    CONST UNTYP.           ASEG       2C 
P2IFG               ABS    CONST UNTYP.           ASEG       2B 
P2IN                ABS    CONST UNTYP.           ASEG       28 
P2OUT               ABS    CONST UNTYP.           ASEG       29 
P2REN               ABS    CONST UNTYP.           ASEG       2F 
P2SEL               ABS    CONST UNTYP.           ASEG       2E 
P2SEL2              ABS    CONST UNTYP.           ASEG       42 
P3DIR               ABS    CONST UNTYP.           ASEG       1A 
P3IN                ABS    CONST UNTYP.           ASEG       18 
P3OUT               ABS    CONST UNTYP.           ASEG       19 
P3REN               ABS    CONST UNTYP.           ASEG       10 
P3SEL               ABS    CONST UNTYP.           ASEG       1B 
P3SEL2              ABS    CONST UNTYP.           ASEG       43 
RAMDICT             ABS    CONST EXT [000] UNTYP. __EXTERNS  Solved Extern 
TA0CCR0             ABS    CONST UNTYP.           ASEG       172 
TA0CCR1             ABS    CONST UNTYP.           ASEG       174 
TA0CCR2             ABS    CONST UNTYP.           ASEG       176 
TA0CCTL0            ABS    CONST UNTYP.           ASEG       162 
TA0CCTL1            ABS    CONST UNTYP.           ASEG       164 
TA0CCTL2            ABS    CONST UNTYP.           ASEG       166 
TA0CTL              ABS    CONST UNTYP.           ASEG       160 
TA0IV               ABS    CONST UNTYP.           ASEG       12E 
TA0R                ABS    CONST UNTYP.           ASEG       170 
TA1CCR0             ABS    CONST UNTYP.           ASEG       192 
TA1CCR1             ABS    CONST UNTYP.           ASEG       194 
TA1CCR2             ABS    CONST UNTYP.           ASEG       196 
TA1CCTL0            ABS    CONST UNTYP.           ASEG       182 
TA1CCTL1            ABS    CONST UNTYP.           ASEG       184 
TA1CCTL2            ABS    CONST UNTYP.           ASEG       186 
TA1CTL              ABS    CONST UNTYP.           ASEG       180 
TA1IV               ABS    CONST UNTYP.           ASEG       11E 
TA1R                ABS    CONST UNTYP.           ASEG       190 
TLV_ADC10_1_LEN     ABS    CONST UNTYP.           ASEG       10DB 
TLV_ADC10_1_TAG     ABS    CONST UNTYP.           ASEG       10DA 
TLV_CHECKSUM        ABS    CONST UNTYP.           ASEG       10C0 
TLV_DCO_30_LEN      ABS    CONST UNTYP.           ASEG       10F7 
TLV_DCO_30_TAG      ABS    CONST UNTYP.           ASEG       10F6 
UCA0ABCTL           ABS    CONST UNTYP.           ASEG       5D 
UCA0BR0             ABS    CONST UNTYP.           ASEG       62 
UCA0BR1             ABS    CONST UNTYP.           ASEG       63 
UCA0CTL0            ABS    CONST UNTYP.           ASEG       60 
UCA0CTL1            ABS    CONST UNTYP.           ASEG       61 
UCA0IRRCTL          ABS    CONST UNTYP.           ASEG       5F 
UCA0IRTCTL          ABS    CONST UNTYP.           ASEG       5E 
UCA0MCTL            ABS    CONST UNTYP.           ASEG       64 
UCA0RXBUF           ABS    CONST UNTYP.           ASEG       66 
UCA0STAT            ABS    CONST UNTYP.           ASEG       65 
UCA0TXBUF           ABS    CONST UNTYP.           ASEG       67 
UCB0BR0             ABS    CONST UNTYP.           ASEG       6A 
UCB0BR1             ABS    CONST UNTYP.           ASEG       6B 
UCB0CTL0            ABS    CONST UNTYP.           ASEG       68 
UCB0CTL1            ABS    CONST UNTYP.           ASEG       69 
UCB0I2CIE           ABS    CONST UNTYP.           ASEG       6C 
UCB0I2COA           ABS    CONST UNTYP.           ASEG       118 
UCB0I2CSA           ABS    CONST UNTYP.           ASEG       11A 
UCB0RXBUF           ABS    CONST UNTYP.           ASEG       6E 
UCB0STAT            ABS    CONST UNTYP.           ASEG       6D 
UCB0TXBUF           ABS    CONST UNTYP.           ASEG       6F 
WDTCTL              ABS    CONST UNTYP.           ASEG       120 
__MSP430G2203__     ABS    CONST UNTYP.           ASEG       Not solved 
crcval              REL    CONST PUB UNTYP.       INFOB      0 
infoB               REL    CONST PUB UNTYP.       INFOB      0 
lastword            ABS    CONST EXT [001] UNTYP. __EXTERNS  Solved Extern 


##############################
#          CRC:9E0E          #
#        Errors:   0         #
#        Warnings: 0         #
#         Bytes: 36          #
##############################



